Microchip MPLAB XC8 Compiler V1.35 ()

Linker command line:

-W-3 --edf=C:\Program Files (x86)\Microchip\xc8\v1.35\dat\en_msgs.txt -cs \
  -h+dist/default/production\MiniProject.X.production.sym \
  --cmf=dist/default/production\MiniProject.X.production.cmf -z -Q18F4550 \
  -oC:\Users\User\AppData\Local\Temp\s1es.2 \
  -Mdist/default/production/MiniProject.X.production.map -E1 -ver=XC8 \
  -ASTACK=086h-07ffh -pstack=STACK -ACODE=01000h-07FFFh \
  -ACONST=01000h-07FFFh -ASMALLCONST=01000h-010FFhx112 \
  -AMEDIUMCONST=01000h-07FFFh -ACOMRAM=01h-05Fh -AABS1=00h-07FFh \
  -ABIGRAM=01h-07FFh -ARAM=060h-0FFh,0100h-01FFhx7 -ABANK0=060h-0FFh \
  -ABANK1=0100h-01FFh -ABANK2=0200h-02FFh -ABANK3=0300h-03FFh \
  -ABANK4=0400h-04FFh -ABANK5=0500h-05FFh -ABANK6=0600h-06FFh \
  -ABANK7=0700h-07FFh -ASFR=0F60h-0FFFh \
  -preset_vec=01000h,intcode,intcodelo,powerup,init,end_init -pramtop=0800h \
  -psmallconst=SMALLCONST -pmediumconst=MEDIUMCONST -pconst=CONST \
  -AFARRAM=00h-00h -ACONFIG=0300000h-030000Dh -pconfig=CONFIG \
  -AIDLOC=0200000h-0200007h -pidloc=IDLOC -AEEDATA=0F00000h-0F000FFh \
  -peeprom_data=EEDATA \
  -prdata=COMRAM,nvrram=COMRAM,nvbit=COMRAM,rbss=COMRAM,rbit=COMRAM \
  -pfarbss=FARRAM,fardata=FARRAM,nvFARRAM=FARRAM \
  -pintsave_regs=BIGRAM,bigbss=BIGRAM,bigdata=BIGRAM -pbss=RAM \
  -pidata=CODE,irdata=CODE,ibigdata=CODE,ifardata=CODE -prparam=COMRAM \
  C:\Users\User\AppData\Local\Temp\s1es.obj \
  dist/default/production\MiniProject.X.production.obj 

Object code version is 3.11

Machine type is 18F4550

Call graph: (short form)




                Name                               Link     Load   Length Selector   Space Scale
C:\Users\User\AppData\Local\Temp\s1es.obj
                end_init                           1000     1000        4      800       0
                idloc                            200000   200000        8   200000       0
                config                           300000   300000        E   300000       0
dist/default/production\MiniProject.X.production.obj
                smallconst                         1004     1004       32      802       0
                text10                             76EA     76EA       34     3B75       0
                text9                              7676     7676       22     3B3B       0
                text8                              7846     7846       70     3C23       0
                text7                              78B6     78B6       72     3C5B       0
                text6                              79A2     79A2       94     3CD1       0
                text5                              779E     779E       52     3BCF       0
                text4                              7928     7928       7A     3C94       0
                text3                              771E     771E       3E     3B8F       0
                text2                              775C     775C       42     3BAE       0
                text1                              7A36     7A36      148     3D1B       0
                text0                              7B7E     7B7E      482     3DBF       0
                cstackCOMRAM                         46       46       1A        1       1
                dataBANK0                            60       60       26       60       1
                dataCOMRAM                            1        1       2B        1       1
                bssCOMRAM                            2C       2C       1A        1       1
                cinit                              77F0     77F0       56     3BF8       0
                idataBANK0                         7699     7699       26     7699       0
                idataCOMRAM                        76BF     76BF       2B     76BF       0

TOTAL           Name                               Link     Load   Length     Space
        CLASS   STACK          

        CLASS   CODE           
                end_init                           1000     1000        4         0
                text10                             76EA     76EA       34         0
                text9                              7676     7676       22         0
                text8                              7846     7846       70         0
                text7                              78B6     78B6       72         0
                text6                              79A2     79A2       94         0
                text5                              779E     779E       52         0
                text4                              7928     7928       7A         0
                text3                              771E     771E       3E         0
                text2                              775C     775C       42         0
                text1                              7A36     7A36      148         0
                text0                              7B7E     7B7E      482         0
                cinit                              77F0     77F0       56         0
                idataBANK0                         7699     7699       26         0
                idataCOMRAM                        76BF     76BF       2B         0

        CLASS   CONST          

        CLASS   SMALLCONST     
                smallconst                         1004     1004       32         0

        CLASS   MEDIUMCONST    

        CLASS   COMRAM         
                cstackCOMRAM                         46       46       1A         1
                dataCOMRAM                            1        1       2B         1
                bssCOMRAM                            2C       2C       1A         1

        CLASS   ABS1           

        CLASS   BIGRAM         

        CLASS   RAM            

        CLASS   BANK0          
                dataBANK0                            60       60       26         1

        CLASS   BANK1          

        CLASS   BANK2          

        CLASS   BANK3          

        CLASS   BANK4          

        CLASS   BANK5          

        CLASS   BANK6          

        CLASS   BANK7          

        CLASS   SFR            

        CLASS   FARRAM         

        CLASS   CONFIG         
                config                           300000   300000        E         0

        CLASS   IDLOC          
                idloc                            200000   200000        8         0

        CLASS   EEDATA         



SEGMENTS        Name                           Load    Length   Top    Selector   Space  Class

                dataCOMRAM                     000001  00005F  000060         1       1  COMRAM  
                dataBANK0                      000060  000026  000086        60       1  BANK0   
                reset_vec                      001000  000004  001004       800       0  CODE    
                smallconst                     001004  000032  001036       802       0  SMALLCON
                text9                          007676  000022  007698      3B3B       0  CODE    
                idataBANK0                     007699  000026  0076BF      7699       0  CODE    
                idataCOMRAM                    0076BF  00002B  0076EA      76BF       0  CODE    
                text10                         0076EA  000034  00771E      3B75       0  CODE    
                text3                          00771E  00003E  00775C      3B8F       0  CODE    
                text2                          00775C  000042  00779E      3BAE       0  CODE    
                text5                          00779E  000052  0077F0      3BCF       0  CODE    
                cinit                          0077F0  000056  007846      3BF8       0  CODE    
                text8                          007846  000070  0078B6      3C23       0  CODE    
                text7                          0078B6  000072  007928      3C5B       0  CODE    
                text4                          007928  00007A  0079A2      3C94       0  CODE    
                text6                          0079A2  000094  007A36      3CD1       0  CODE    
                text1                          007A36  000148  007B7E      3D1B       0  CODE    
                text0                          007B7E  000482  008000      3DBF       0  CODE    
                idloc                          200000  000008  200008    200000       0  IDLOC   
                config                         300000  00000E  30000E    300000       0  CONFIG  


UNUSED ADDRESS RANGES

        Name                Unused          Largest block    Delta
        BANK0            000086-0000FF               7A
        BANK1            000100-0001FF              100
        BANK2            000200-0002FF              100
        BANK3            000300-0003FF              100
        BANK4            000400-0004FF              100
        BANK5            000500-0005FF              100
        BANK6            000600-0006FF              100
        BANK7            000700-0007FF              100
        BIGRAM           000086-0007FF              77A
        CODE             001036-007675             6640
                         007698-007698                1
        CONST            001036-007675             6640
                         007698-007698                1
        EEDATA           F00000-F000FF              100
        FARRAM           000000-000000                1
        MEDIUMCONST      001036-007675             6640
                         007698-007698                1
        RAM              000086-0007FF              100
        SFR              000F60-000FFF               A0
        SMALLCONST       001036-007675              100
                         007698-007698                1
        STACK            000086-0007FF              77A

                                  Symbol Table

?___lwdiv                cstackCOMRAM 000046
?___lwmod                cstackCOMRAM 00004D
?_sprintf                cstackCOMRAM 000052
_ADCON0                  (abs)        000FC2
_ADCON0bits              (abs)        000FC2
_ADCON1                  (abs)        000FC1
_ADCON2                  (abs)        000FC0
_ADC_value               bssCOMRAM    00002E
_ADRESH                  (abs)        000FC4
_Message1                dataCOMRAM   000001
_Message2                dataBANK0    000074
_Message3                dataCOMRAM   000011
_Message4                dataCOMRAM   000020
_Message5                dataBANK0    000060
_PORTB                   (abs)        000F81
_PORTBbits               (abs)        000F81
_PORTCbits               (abs)        000F82
_PORTD                   (abs)        000F83
_PORTDbits               (abs)        000F83
_TRISCbits               (abs)        000F94
_TRISD                   (abs)        000F95
__HRAM                   (abs)        000000
__Habs1                  abs1         000000
__Hbank0                 bank0        000000
__Hbank1                 bank1        000000
__Hbank2                 bank2        000000
__Hbank3                 bank3        000000
__Hbank4                 bank4        000000
__Hbank5                 bank5        000000
__Hbank6                 bank6        000000
__Hbank7                 bank7        000000
__Hbigbss                bigbss       000000
__Hbigdata               bigdata      000000
__Hbigram                bigram       000000
__Hbss                   bss          000000
__HbssCOMRAM             bssCOMRAM    000000
__Hcinit                 cinit        000000
__Hclrtext               clrtext      000000
__Hcomram                comram       000000
__Hconfig                config       30000E
__Hconst                 const        000000
__HcstackCOMRAM          cstackCOMRAM 000000
__Hdata                  data         000000
__HdataBANK0             dataBANK0    000000
__HdataCOMRAM            dataCOMRAM   000000
__Heeprom_data           eeprom_data  000000
__Hend_init              end_init     001004
__Hfarbss                farbss       000000
__Hfardata               fardata      000000
__Hibigdata              ibigdata     000000
__Hidata                 idata        000000
__HidataBANK0            idataBANK0   000000
__HidataCOMRAM           idataCOMRAM  000000
__Hidloc                 idloc        200008
__Hifardata              ifardata     000000
__Hinit                  init         001000
__Hintcode               intcode      001000
__Hintcode_body          intcode_body 000000
__Hintcodelo             intcodelo    001000
__Hintentry              intentry     000000
__Hintret                intret       000000
__Hintsave_regs          intsave_regs 000000
__Hirdata                irdata       000000
__Hmediumconst           mediumconst  000000
__HnvFARRAM              nvFARRAM     000000
__Hnvbit                 nvbit        000000
__Hnvrram                nvrram       000000
__Hparam                 rparam       000000
__Hpowerup               powerup      001000
__Hram                   ram          000000
__Hramtop                ramtop       000800
__Hrbit                  rbit         000000
__Hrbss                  rbss         000000
__Hrdata                 rdata        000000
__Hreset_vec             reset_vec    001000
__Hrparam                rparam       000000
__Hsfr                   sfr          000000
__Hsmallconst            smallconst   001036
__Hspace_0               (abs)        30000E
__Hspace_1               (abs)        000086
__Hspace_2               (abs)        000000
__Hstack                 stack        000000
__Hstruct                struct       000000
__Htemp                  temp         000000
__Htext                  text         000000
__Htext0                 text0        000000
__Htext1                 text1        000000
__Htext10                text10       000000
__Htext2                 text2        000000
__Htext3                 text3        000000
__Htext4                 text4        000000
__Htext5                 text5        000000
__Htext6                 text6        000000
__Htext7                 text7        000000
__Htext8                 text8        000000
__Htext9                 text9        000000
__LRAM                   (abs)        000001
__Labs1                  abs1         000000
__Lbank0                 bank0        000000
__Lbank1                 bank1        000000
__Lbank2                 bank2        000000
__Lbank3                 bank3        000000
__Lbank4                 bank4        000000
__Lbank5                 bank5        000000
__Lbank6                 bank6        000000
__Lbank7                 bank7        000000
__Lbigbss                bigbss       000000
__Lbigdata               bigdata      000000
__Lbigram                bigram       000000
__Lbss                   bss          000000
__LbssCOMRAM             bssCOMRAM    000000
__Lcinit                 cinit        000000
__Lclrtext               clrtext      000000
__Lcomram                comram       000000
__Lconfig                config       300000
__Lconst                 const        000000
__LcstackCOMRAM          cstackCOMRAM 000000
__Ldata                  data         000000
__LdataBANK0             dataBANK0    000000
__LdataCOMRAM            dataCOMRAM   000000
__Leeprom_data           eeprom_data  000000
__Lend_init              end_init     001000
__Lfarbss                farbss       000000
__Lfardata               fardata      000000
__Libigdata              ibigdata     000000
__Lidata                 idata        000000
__LidataBANK0            idataBANK0   000000
__LidataCOMRAM           idataCOMRAM  000000
__Lidloc                 idloc        200000
__Lifardata              ifardata     000000
__Linit                  init         001000
__Lintcode               intcode      001000
__Lintcode_body          intcode_body 000000
__Lintcodelo             intcodelo    001000
__Lintentry              intentry     000000
__Lintret                intret       000000
__Lintsave_regs          intsave_regs 000000
__Lirdata                irdata       000000
__Lmediumconst           mediumconst  000000
__LnvFARRAM              nvFARRAM     000000
__Lnvbit                 nvbit        000000
__Lnvrram                nvrram       000000
__Lparam                 rparam       000000
__Lpowerup               powerup      001000
__Lram                   ram          000000
__Lramtop                ramtop       000800
__Lrbit                  rbit         000000
__Lrbss                  rbss         000000
__Lrdata                 rdata        000000
__Lreset_vec             reset_vec    001000
__Lrparam                rparam       000000
__Lsfr                   sfr          000000
__Lsmallconst            smallconst   001004
__Lspace_0               (abs)        000000
__Lspace_1               (abs)        000000
__Lspace_2               (abs)        000000
__Lstack                 stack        000000
__Lstruct                struct       000000
__Ltemp                  temp         000000
__Ltext                  text         000000
__Ltext0                 text0        000000
__Ltext1                 text1        000000
__Ltext10                text10       000000
__Ltext2                 text2        000000
__Ltext3                 text3        000000
__Ltext4                 text4        000000
__Ltext5                 text5        000000
__Ltext6                 text6        000000
__Ltext7                 text7        000000
__Ltext8                 text8        000000
__Ltext9                 text9        000000
__S0                     (abs)        30000E
__S1                     (abs)        000086
__S2                     (abs)        000000
___inthi_sp              stack        000000
___intlo_sp              stack        000000
___lwdiv                 text5        00779E
___lwdiv@counter         cstackCOMRAM 00004C
___lwdiv@dividend        cstackCOMRAM 000046
___lwdiv@divisor         cstackCOMRAM 000048
___lwdiv@quotient        cstackCOMRAM 00004A
___lwmod                 text2        00775C
___lwmod@counter         cstackCOMRAM 000051
___lwmod@dividend        cstackCOMRAM 00004D
___lwmod@divisor         cstackCOMRAM 00004F
___param_bank            (abs)        000010
___rparam_used           (abs)        000001
___sp                    stack        000000
__accesstop              (abs)        000060
__activetblptr           (abs)        000002
__end_of___lwdiv         text5        0077F0
__end_of___lwmod         text2        00779E
__end_of__initialization cinit        00783C
__end_of_delay_ms        text10       00771E
__end_of_delay_us        text4        0079A2
__end_of_dpowers         smallconst   001021
__end_of_lcd_init        text7        007928
__end_of_lcd_strobe      text9        007698
__end_of_lcd_write_cmd   text8        0078B6
__end_of_lcd_write_data  text6        007A36
__end_of_main            text0        008000
__end_of_onetone         text3        00775C
__end_of_sprintf         text1        007B7E
__end_ofgetkey@F4444     smallconst   001017
__initialization         cinit        0077F0
__mediumconst            mediumconst  000000
__pbssCOMRAM             bssCOMRAM    00002C
__pcinit                 cinit        0077F0
__pcstackCOMRAM          cstackCOMRAM 000046
__pdataBANK0             dataBANK0    000060
__pdataCOMRAM            dataCOMRAM   000001
__pidataBANK0            idataBANK0   007699
__pidataCOMRAM           idataCOMRAM  0076BF
__psmallconst            smallconst   001004
__ptext0                 text0        007B7E
__ptext1                 text1        007A36
__ptext10                text10       0076EA
__ptext2                 text2        00775C
__ptext3                 text3        00771E
__ptext4                 text4        007928
__ptext5                 text5        00779E
__ptext6                 text6        0079A2
__ptext7                 text7        0078B6
__ptext8                 text8        007846
__ptext9                 text9        007676
__ramtop                 ramtop       000800
__size_of___lwdiv        (abs)        000000
__size_of___lwmod        (abs)        000000
__size_of_delay_ms       (abs)        000000
__size_of_delay_us       (abs)        000000
__size_of_lcd_init       (abs)        000000
__size_of_lcd_strobe     (abs)        000000
__size_of_lcd_write_cmd  (abs)        000000
__size_of_lcd_write_data (abs)        000000
__size_of_main           (abs)        000000
__size_of_onetone        (abs)        000000
__size_of_sprintf        (abs)        000000
__smallconst             smallconst   001004
_buffer                  bssCOMRAM    000032
_delay_ms                text10       0076EA
_delay_us                text4        007928
_dpowers                 smallconst   001017
_i                       bssCOMRAM    00002C
_key                     bssCOMRAM    00002F
_lcd_init                text7        0078B6
_lcd_strobe              text9        007676
_lcd_write_cmd           text8        007846
_lcd_write_data          text6        0079A2
_main                    text0        007B7E
_onetone                 text3        00771E
_outchar                 bssCOMRAM    000030
_outchar2                bssCOMRAM    000031
_sprintf                 text1        007A36
delay_ms@i               cstackCOMRAM 000046
delay_ms@j               cstackCOMRAM 000049
delay_us@i               cstackCOMRAM 00004D
delay_us@j               cstackCOMRAM 00004F
delay_us@lower           cstackCOMRAM 000051
end_of_initialization    cinit        00783C
getkey@F4444             smallconst   001005
intlevel0                text         000000
intlevel1                text         000000
intlevel2                text         000000
intlevel3                text         000000
lcd_init@i               cstackCOMRAM 00004B
lcd_write_cmd@cmd        cstackCOMRAM 000048
lcd_write_cmd@temp2      cstackCOMRAM 000049
lcd_write_data@data      cstackCOMRAM 000048
lcd_write_data@temp1     cstackCOMRAM 000049
onetone@k                cstackCOMRAM 000054
sprintf@ap               cstackCOMRAM 000059
sprintf@c                cstackCOMRAM 00005F
sprintf@f                cstackCOMRAM 000054
sprintf@flag             cstackCOMRAM 00005B
sprintf@prec             cstackCOMRAM 00005C
sprintf@sp               cstackCOMRAM 000052
sprintf@val              cstackCOMRAM 00005D
stackhi                  (abs)        0007FF
stacklo                  (abs)        000086
start                    init         001000
start_initialization     cinit        0077F0


FUNCTION INFORMATION:

 *************** function _main *****************
 Defined at:
		line 44 in file "ADC.c"
 Parameters:    Size  Location     Type
		None
 Auto vars:     Size  Location     Type
		None
 Return value:  Size  Location     Type
		None               void
 Registers used:
		wreg, fsr2l, fsr2h, status,2, status,0, tblptrl, tblptrh, tblptru, prodl, prodh, cstack
 Tracked objects:
		On entry : 
		On exit  : 
		Unchanged: 
 Data sizes:     COMRAM   BANK0   BANK1   BANK2   BANK3   BANK4   BANK5   BANK6   BANK7
      Params:         0       0       0       0       0       0       0       0       0
      Locals:         0       0       0       0       0       0       0       0       0
      Temps:          0       0       0       0       0       0       0       0       0
      Totals:         0       0       0       0       0       0       0       0       0
Total ram usage:        0 bytes
 Hardware stack levels required when called:    3
 This function calls:
		_delay_ms
		_lcd_init
		_lcd_write_cmd
		_lcd_write_data
		_onetone
		_sprintf
 This function is called by:
		Startup code after reset
 This function uses a non-reentrant model


 *************** function _sprintf *****************
 Defined at:
		line 492 in file "C:\Program Files (x86)\Microchip\xc8\v1.35\sources\common\doprnt.c"
 Parameters:    Size  Location     Type
  sp              2   12[COMRAM] PTR unsigned char 
		 -> buffer(20), 
  f               2   14[COMRAM] PTR const unsigned char 
		 -> STR_4(19), STR_3(19), STR_2(19), STR_1(19), 
 Auto vars:     Size  Location     Type
  tmpval          4    0        struct .
  cp              3    0        PTR const unsigned char 
  val             2   23[COMRAM] unsigned int 
  ap              2   19[COMRAM] PTR void [1]
		 -> ?_sprintf(2), 
  len             2    0        unsigned int 
  c               1   25[COMRAM] char 
  prec            1   22[COMRAM] char 
  flag            1   21[COMRAM] unsigned char 
 Return value:  Size  Location     Type
                  2   12[COMRAM] int 
 Registers used:
		wreg, fsr2l, fsr2h, status,2, status,0, tblptrl, tblptrh, tblptru, prodl, prodh, cstack
 Tracked objects:
		On entry : 
		On exit  : 
		Unchanged: 
 Data sizes:     COMRAM   BANK0   BANK1   BANK2   BANK3   BANK4   BANK5   BANK6   BANK7
      Params:         6       0       0       0       0       0       0       0       0
      Locals:         7       0       0       0       0       0       0       0       0
      Temps:          1       0       0       0       0       0       0       0       0
      Totals:        14       0       0       0       0       0       0       0       0
Total ram usage:       14 bytes
 Hardware stack levels used:    1
 Hardware stack levels required when called:    1
 This function calls:
		___lwdiv
		___lwmod
 This function is called by:
		_main
 This function uses a non-reentrant model


 *************** function ___lwmod *****************
 Defined at:
		line 8 in file "C:\Program Files (x86)\Microchip\xc8\v1.35\sources\common\lwmod.c"
 Parameters:    Size  Location     Type
  dividend        2    7[COMRAM] unsigned int 
  divisor         2    9[COMRAM] unsigned int 
 Auto vars:     Size  Location     Type
  counter         1   11[COMRAM] unsigned char 
 Return value:  Size  Location     Type
                  2    7[COMRAM] unsigned int 
 Registers used:
		wreg, status,2, status,0
 Tracked objects:
		On entry : 
		On exit  : 
		Unchanged: 
 Data sizes:     COMRAM   BANK0   BANK1   BANK2   BANK3   BANK4   BANK5   BANK6   BANK7
      Params:         4       0       0       0       0       0       0       0       0
      Locals:         1       0       0       0       0       0       0       0       0
      Temps:          0       0       0       0       0       0       0       0       0
      Totals:         5       0       0       0       0       0       0       0       0
Total ram usage:        5 bytes
 Hardware stack levels used:    1
 This function calls:
		Nothing
 This function is called by:
		_sprintf
 This function uses a non-reentrant model


 *************** function _onetone *****************
 Defined at:
		line 34 in file "ADC.c"
 Parameters:    Size  Location     Type
		None
 Auto vars:     Size  Location     Type
  k               2   14[COMRAM] unsigned int 
 Return value:  Size  Location     Type
		None               void
 Registers used:
		wreg, status,2, status,0, cstack
 Tracked objects:
		On entry : 
		On exit  : 
		Unchanged: 
 Data sizes:     COMRAM   BANK0   BANK1   BANK2   BANK3   BANK4   BANK5   BANK6   BANK7
      Params:         0       0       0       0       0       0       0       0       0
      Locals:         2       0       0       0       0       0       0       0       0
      Temps:          1       0       0       0       0       0       0       0       0
      Totals:         3       0       0       0       0       0       0       0       0
Total ram usage:        3 bytes
 Hardware stack levels used:    1
 Hardware stack levels required when called:    2
 This function calls:
		_delay_us
 This function is called by:
		_main
 This function uses a non-reentrant model


 *************** function _delay_us *****************
 Defined at:
		line 17 in file "delays_utilities.c"
 Parameters:    Size  Location     Type
  i               2    7[COMRAM] unsigned int 
 Auto vars:     Size  Location     Type
  lower           2   11[COMRAM] unsigned int 
  j               2    9[COMRAM] unsigned int 
 Return value:  Size  Location     Type
		None               void
 Registers used:
		wreg, status,2, status,0, cstack
 Tracked objects:
		On entry : 
		On exit  : 
		Unchanged: 
 Data sizes:     COMRAM   BANK0   BANK1   BANK2   BANK3   BANK4   BANK5   BANK6   BANK7
      Params:         2       0       0       0       0       0       0       0       0
      Locals:         4       0       0       0       0       0       0       0       0
      Temps:          0       0       0       0       0       0       0       0       0
      Totals:         6       0       0       0       0       0       0       0       0
Total ram usage:        6 bytes
 Hardware stack levels used:    1
 Hardware stack levels required when called:    1
 This function calls:
		___lwdiv
 This function is called by:
		_onetone
 This function uses a non-reentrant model


 *************** function ___lwdiv *****************
 Defined at:
		line 8 in file "C:\Program Files (x86)\Microchip\xc8\v1.35\sources\common\lwdiv.c"
 Parameters:    Size  Location     Type
  dividend        2    0[COMRAM] unsigned int 
  divisor         2    2[COMRAM] unsigned int 
 Auto vars:     Size  Location     Type
  quotient        2    4[COMRAM] unsigned int 
  counter         1    6[COMRAM] unsigned char 
 Return value:  Size  Location     Type
                  2    0[COMRAM] unsigned int 
 Registers used:
		wreg, status,2, status,0
 Tracked objects:
		On entry : 
		On exit  : 
		Unchanged: 
 Data sizes:     COMRAM   BANK0   BANK1   BANK2   BANK3   BANK4   BANK5   BANK6   BANK7
      Params:         4       0       0       0       0       0       0       0       0
      Locals:         3       0       0       0       0       0       0       0       0
      Temps:          0       0       0       0       0       0       0       0       0
      Totals:         7       0       0       0       0       0       0       0       0
Total ram usage:        7 bytes
 Hardware stack levels used:    1
 This function calls:
		Nothing
 This function is called by:
		_delay_us
		_sprintf
 This function uses a non-reentrant model


 *************** function _lcd_write_data *****************
 Defined at:
		line 43 in file "lcd_utilities.c"
 Parameters:    Size  Location     Type
  data            1    wreg     unsigned char 
 Auto vars:     Size  Location     Type
  data            1    2[COMRAM] unsigned char 
  temp1           1    3[COMRAM] unsigned char 
 Return value:  Size  Location     Type
		None               void
 Registers used:
		wreg, status,2, status,0, cstack
 Tracked objects:
		On entry : 
		On exit  : 
		Unchanged: 
 Data sizes:     COMRAM   BANK0   BANK1   BANK2   BANK3   BANK4   BANK5   BANK6   BANK7
      Params:         0       0       0       0       0       0       0       0       0
      Locals:         2       0       0       0       0       0       0       0       0
      Temps:          1       0       0       0       0       0       0       0       0
      Totals:         3       0       0       0       0       0       0       0       0
Total ram usage:        3 bytes
 Hardware stack levels used:    1
 Hardware stack levels required when called:    1
 This function calls:
		_lcd_strobe
 This function is called by:
		_main
 This function uses a non-reentrant model


 *************** function _lcd_init *****************
 Defined at:
		line 83 in file "lcd_utilities.c"
 Parameters:    Size  Location     Type
		None
 Auto vars:     Size  Location     Type
  i               2    5[COMRAM] int 
 Return value:  Size  Location     Type
		None               void
 Registers used:
		wreg, status,2, status,0, cstack
 Tracked objects:
		On entry : 
		On exit  : 
		Unchanged: 
 Data sizes:     COMRAM   BANK0   BANK1   BANK2   BANK3   BANK4   BANK5   BANK6   BANK7
      Params:         0       0       0       0       0       0       0       0       0
      Locals:         2       0       0       0       0       0       0       0       0
      Temps:          1       0       0       0       0       0       0       0       0
      Totals:         3       0       0       0       0       0       0       0       0
Total ram usage:        3 bytes
 Hardware stack levels used:    1
 Hardware stack levels required when called:    2
 This function calls:
		_lcd_write_cmd
 This function is called by:
		_main
 This function uses a non-reentrant model


 *************** function _lcd_write_cmd *****************
 Defined at:
		line 18 in file "lcd_utilities.c"
 Parameters:    Size  Location     Type
  cmd             1    wreg     unsigned char 
 Auto vars:     Size  Location     Type
  cmd             1    2[COMRAM] unsigned char 
  temp2           1    3[COMRAM] unsigned char 
 Return value:  Size  Location     Type
		None               void
 Registers used:
		wreg, status,2, status,0, cstack
 Tracked objects:
		On entry : 
		On exit  : 
		Unchanged: 
 Data sizes:     COMRAM   BANK0   BANK1   BANK2   BANK3   BANK4   BANK5   BANK6   BANK7
      Params:         0       0       0       0       0       0       0       0       0
      Locals:         2       0       0       0       0       0       0       0       0
      Temps:          1       0       0       0       0       0       0       0       0
      Totals:         3       0       0       0       0       0       0       0       0
Total ram usage:        3 bytes
 Hardware stack levels used:    1
 Hardware stack levels required when called:    1
 This function calls:
		_lcd_strobe
 This function is called by:
		_lcd_init
		_main
 This function uses a non-reentrant model


 *************** function _lcd_strobe *****************
 Defined at:
		line 73 in file "lcd_utilities.c"
 Parameters:    Size  Location     Type
		None
 Auto vars:     Size  Location     Type
		None
 Return value:  Size  Location     Type
		None               void
 Registers used:
		wreg
 Tracked objects:
		On entry : 
		On exit  : 
		Unchanged: 
 Data sizes:     COMRAM   BANK0   BANK1   BANK2   BANK3   BANK4   BANK5   BANK6   BANK7
      Params:         0       0       0       0       0       0       0       0       0
      Locals:         0       0       0       0       0       0       0       0       0
      Temps:          1       0       0       0       0       0       0       0       0
      Totals:         1       0       0       0       0       0       0       0       0
Total ram usage:        1 bytes
 Hardware stack levels used:    1
 This function calls:
		Nothing
 This function is called by:
		_lcd_write_cmd
		_lcd_write_data
 This function uses a non-reentrant model


 *************** function _delay_ms *****************
 Defined at:
		line 10 in file "delays_utilities.c"
 Parameters:    Size  Location     Type
  i               2    0[COMRAM] unsigned int 
 Auto vars:     Size  Location     Type
  j               2    3[COMRAM] unsigned int 
 Return value:  Size  Location     Type
		None               void
 Registers used:
		wreg, status,2, status,0
 Tracked objects:
		On entry : 
		On exit  : 
		Unchanged: 
 Data sizes:     COMRAM   BANK0   BANK1   BANK2   BANK3   BANK4   BANK5   BANK6   BANK7
      Params:         2       0       0       0       0       0       0       0       0
      Locals:         2       0       0       0       0       0       0       0       0
      Temps:          1       0       0       0       0       0       0       0       0
      Totals:         5       0       0       0       0       0       0       0       0
Total ram usage:        5 bytes
 Hardware stack levels used:    1
 This function calls:
		Nothing
 This function is called by:
		_main
 This function uses a non-reentrant model



MODULE INFORMATION

Module		Function		Class		Link	Load	Size
lcd_utilities.c
		_lcd_write_data		CODE           	79A2	0000	149
		_lcd_write_cmd 		CODE           	7846	0000	113
		_lcd_strobe    		CODE           	7676	0000	35
		_lcd_init      		CODE           	78B6	0000	115

lcd_utilities.c estimated size: 412

C:\Program Files (x86)\Microchip\xc8\v1.35\sources\common\lwmod.c
		___lwmod       		CODE           	775C	0000	67

C:\Program Files (x86)\Microchip\xc8\v1.35\sources\common\lwmod.c estimated size: 67

C:\Program Files (x86)\Microchip\xc8\v1.35\sources\common\doprnt.c
		_sprintf       		CODE           	7A36	0000	329

C:\Program Files (x86)\Microchip\xc8\v1.35\sources\common\doprnt.c estimated size: 329

shared
		_dpowers       		SMALLCONST     	1017	0000	11
		__initialization		CODE           	77F0	0000	77
		getkey@F4444   		SMALLCONST     	1005	0000	19

shared estimated size: 107

ADC.c
		_main          		CODE           	7B7E	0000	1155
		_onetone       		CODE           	771E	0000	63

ADC.c estimated size: 1218

delays_utilities.c
		_delay_us      		CODE           	7928	0000	123
		_delay_ms      		CODE           	76EA	0000	53

delays_utilities.c estimated size: 176

C:\Program Files (x86)\Microchip\xc8\v1.35\sources\common\lwdiv.c
		___lwdiv       		CODE           	779E	0000	83

C:\Program Files (x86)\Microchip\xc8\v1.35\sources\common\lwdiv.c estimated size: 83

